[[[[5, 7, 9],
   [5, 7, 9]],
  [[15, 17, 19],
   [15, 17, 19]]],
 [[[7, 7, 7],
   [7, 7, 7]],
  [[19, 17, 15],
   [19, 17, 15]]]]
