[[[7, 8, 9],
  [10, 11, 12]],
 [[18, 19, 20],
  [21, 22, 23]],
 [[21, 20, 19],
  [22, 23, 24]],
 [[32, 31, 30],
  [35, 34, 33]]]
