[[[[2, 4, 6],
   [8, 10, 12]]],
 [[[12, 14, 16],
   [18, 20, 22]]],
 [[[6, 4, 2],
   [8, 10, 12]]],
 [[[16, 14, 12],
   [22, 20, 18]]]]
