[[7, 8, 9],
 [16, 17, 18],
 [24, 25, 26],
 [33, 34, 35]]
