[[2, 4, 6],
 [5, 7, 9],
 [7, 9, 11],
 [10, 12, 14],
 [4, 4, 4],
 [5, 7, 9],
 [9, 9, 9],
 [12, 12, 12]]
