[[6, 7, 8, 9, 10, 11, 12, 13],
 [7, 8, 9, 10, 11, 12, 13, 14],
 [8, 9, 10, 11, 12, 13, 14, 15],
 [9, 10, 11, 12, 13, 14, 15, 16],
 [10, 11, 12, 13, 14, 15, 16, 17]]
