[[3, 12, 33], [54, 324, 1254], [2754, 21384, 104082], [5508, 64152, 624492], [60588, 1154736, 16861284]]
