[2, 2, 1, 0]
[6, 9, 9, 2]
[8]
[8]
[7, 1, 9, 5, 2]
[1, 0, 7, 4, 1]
