{ [0.0, 30.0, 60.0],
 [[0.0, 2.0, 4.0],
  [0.0, 4.0, 8.0],
  [0.0, 6.0, 12.0],
  [0.0, 8.0, 16.0],
  [0.0, 10.0, 20.0]] }

