[100.000000, 9.000000, 1.000000, 65.000000]
[1, 2, 6, 3]
