{ 90
, [90, 96, 102]
, [ [10, 11, 12 ]
  , [22, 24, 26 ]
  , [36, 39, 42 ]
  , [52, 56, 60 ]
  , [70, 75, 80 ]
  , [90, 96, 102] 
  ]
, [99.0, 216.0, 351.0, 504.0, 675.0, 864.0]
, [351.0, 504.0, 675.0, 864.0]
, [10, 22, 36, 52, 70, 90]
}
