[1.000000, 0.335000, -13.003881, 4.696531, 2.284400, -1.201104, 23.773315,
 6.997077, 5.064199, 3.832115]
[-3.039058, 6.578116, -1.103211, -6.002021, 8.084014, -3.267883, -0.332640,
 2.726331, -1.618253, 1.472878]
